17:23:58 **** Incremental Build of configuration Debug for project Motor-Controller ****
make -j12 all 
arm-none-eabi-gcc "../Core/Src/main.c" -mcpu=cortex-m4 -std=gnu11 -g3 -DDEBUG -DUSE_HAL_DRIVER -DSTM32F303xE -c -I../Core/Inc -I../Drivers/STM32F3xx_HAL_Driver/Inc/Legacy -I../Drivers/STM32F3xx_HAL_Driver/Inc -I../Drivers/CMSIS/Device/ST/STM32F3xx/Include -I../Drivers/CMSIS/Include -O0 -ffunction-sections -fdata-sections -Wall -fstack-usage -MMD -MP -MF"Core/Src/main.d" -MT"Core/Src/main.o" --specs=nano.specs -mfpu=fpv4-sp-d16 -mfloat-abi=hard -mthumb -o "Core/Src/main.o"
arm-none-eabi-gcc -o "Motor-Controller.elf" @"objects.list"   -mcpu=cortex-m4 -T"D:\Libraries\Documents\2023-FYP\STM32\Motor-Controller\STM32F303RETX_FLASH.ld" --specs=nosys.specs -Wl,-Map="Motor-Controller.map" -Wl,--gc-sections -static -u_printf_float --specs=nano.specs -mfpu=fpv4-sp-d16 -mfloat-abi=hard -mthumb -Wl,--start-group -lc -lm -Wl,--end-group
Finished building target: Motor-Controller.elf
 
arm-none-eabi-size   Motor-Controller.elf 
arm-none-eabi-objdump -h -S  Motor-Controller.elf  > "Motor-Controller.list"
   text	   data	    bss	    dec	    hex	filename
  49528	    484	   2332	  52344	   cc78	Motor-Controller.elf
Finished building: default.size.stdout
 
Finished building: Motor-Controller.list
 
17:24:01 **** Incremental Build of configuration Debug for project Motor-Controller ****
make -j12 all 
arm-none-eabi-size   Motor-Controller.elf 
   text	   data	    bss	    dec	    hex	filename
  49528	    484	   2332	  52344	   cc78	Motor-Controller.elf
Finished building: default.size.stdout
 
17:25:58 **** Incremental Build of configuration Debug for project Motor-Controller ****
make -j12 all 
arm-none-eabi-gcc "../Core/Src/main.c" -mcpu=cortex-m4 -std=gnu11 -g3 -DDEBUG -DUSE_HAL_DRIVER -DSTM32F303xE -c -I../Core/Inc -I../Drivers/STM32F3xx_HAL_Driver/Inc/Legacy -I../Drivers/STM32F3xx_HAL_Driver/Inc -I../Drivers/CMSIS/Device/ST/STM32F3xx/Include -I../Drivers/CMSIS/Include -O0 -ffunction-sections -fdata-sections -Wall -fstack-usage -MMD -MP -MF"Core/Src/main.d" -MT"Core/Src/main.o" --specs=nano.specs -mfpu=fpv4-sp-d16 -mfloat-abi=hard -mthumb -o "Core/Src/main.o"
../Core/Src/main.c: In function 'main':
../Core/Src/main.c:241:32: warning: format '%d' expects argument of type 'int', but argument 3 has type 'uint32_t' {aka 'long unsigned int'} [-Wformat=]
  241 |    sprintf((char*) txbuffer, "%d,%d\n", UART_Counter, current);
      |                               ~^        ~~~~~~~~~~~~
      |                                |        |
      |                                int      uint32_t {aka long unsigned int}
      |                               %ld
arm-none-eabi-gcc -o "Motor-Controller.elf" @"objects.list"   -mcpu=cortex-m4 -T"D:\Libraries\Documents\2023-FYP\STM32\Motor-Controller\STM32F303RETX_FLASH.ld" --specs=nosys.specs -Wl,-Map="Motor-Controller.map" -Wl,--gc-sections -static -u_printf_float --specs=nano.specs -mfpu=fpv4-sp-d16 -mfloat-abi=hard -mthumb -Wl,--start-group -lc -lm -Wl,--end-group
Finished building target: Motor-Controller.elf
 
arm-none-eabi-size   Motor-Controller.elf 
arm-none-eabi-objdump -h -S  Motor-Controller.elf  > "Motor-Controller.list"
   text	   data	    bss	    dec	    hex	filename
  49528	    484	   2332	  52344	   cc78	Motor-Controller.elf
Finished building: default.size.stdout
 
Finished building: Motor-Controller.list
 
17:31:33 **** Incremental Build of configuration Debug for project Motor-Controller ****
make -j12 all 
arm-none-eabi-gcc "../Core/Src/main.c" -mcpu=cortex-m4 -std=gnu11 -g3 -DDEBUG -DUSE_HAL_DRIVER -DSTM32F303xE -c -I../Core/Inc -I../Drivers/STM32F3xx_HAL_Driver/Inc/Legacy -I../Drivers/STM32F3xx_HAL_Driver/Inc -I../Drivers/CMSIS/Device/ST/STM32F3xx/Include -I../Drivers/CMSIS/Include -O0 -ffunction-sections -fdata-sections -Wall -fstack-usage -MMD -MP -MF"Core/Src/main.d" -MT"Core/Src/main.o" --specs=nano.specs -mfpu=fpv4-sp-d16 -mfloat-abi=hard -mthumb -o "Core/Src/main.o"
arm-none-eabi-gcc -o "Motor-Controller.elf" @"objects.list"   -mcpu=cortex-m4 -T"D:\Libraries\Documents\2023-FYP\STM32\Motor-Controller\STM32F303RETX_FLASH.ld" --specs=nosys.specs -Wl,-Map="Motor-Controller.map" -Wl,--gc-sections -static -u_printf_float --specs=nano.specs -mfpu=fpv4-sp-d16 -mfloat-abi=hard -mthumb -Wl,--start-group -lc -lm -Wl,--end-group
Finished building target: Motor-Controller.elf
 
arm-none-eabi-size   Motor-Controller.elf 
arm-none-eabi-objdump -h -S  Motor-Controller.elf  > "Motor-Controller.list"
   text	   data	    bss	    dec	    hex	filename
  49528	    484	   2332	  52344	   cc78	Motor-Controller.elf
Finished building: default.size.stdout
 
Finished building: Motor-Controller.list
 
17:35:47 **** Incremental Build of configuration Debug for project Motor-Controller ****
make -j12 all 
arm-none-eabi-gcc "../Core/Src/main.c" -mcpu=cortex-m4 -std=gnu11 -g3 -DDEBUG -DUSE_HAL_DRIVER -DSTM32F303xE -c -I../Core/Inc -I../Drivers/STM32F3xx_HAL_Driver/Inc/Legacy -I../Drivers/STM32F3xx_HAL_Driver/Inc -I../Drivers/CMSIS/Device/ST/STM32F3xx/Include -I../Drivers/CMSIS/Include -O0 -ffunction-sections -fdata-sections -Wall -fstack-usage -MMD -MP -MF"Core/Src/main.d" -MT"Core/Src/main.o" --specs=nano.specs -mfpu=fpv4-sp-d16 -mfloat-abi=hard -mthumb -o "Core/Src/main.o"
arm-none-eabi-gcc -o "Motor-Controller.elf" @"objects.list"   -mcpu=cortex-m4 -T"D:\Libraries\Documents\2023-FYP\STM32\Motor-Controller\STM32F303RETX_FLASH.ld" --specs=nosys.specs -Wl,-Map="Motor-Controller.map" -Wl,--gc-sections -static -u_printf_float --specs=nano.specs -mfpu=fpv4-sp-d16 -mfloat-abi=hard -mthumb -Wl,--start-group -lc -lm -Wl,--end-group
Finished building target: Motor-Controller.elf
 
arm-none-eabi-size   Motor-Controller.elf 
arm-none-eabi-objdump -h -S  Motor-Controller.elf  > "Motor-Controller.list"
   text	   data	    bss	    dec	    hex	filename
  49528	    484	   2332	  52344	   cc78	Motor-Controller.elf
Finished building: default.size.stdout
 
Finished building: Motor-Controller.list
 
17:40:50 **** Incremental Build of configuration Debug for project Motor-Controller ****
make -j12 all 
arm-none-eabi-gcc "../Core/Src/main.c" -mcpu=cortex-m4 -std=gnu11 -g3 -DDEBUG -DUSE_HAL_DRIVER -DSTM32F303xE -c -I../Core/Inc -I../Drivers/STM32F3xx_HAL_Driver/Inc/Legacy -I../Drivers/STM32F3xx_HAL_Driver/Inc -I../Drivers/CMSIS/Device/ST/STM32F3xx/Include -I../Drivers/CMSIS/Include -O0 -ffunction-sections -fdata-sections -Wall -fstack-usage -MMD -MP -MF"Core/Src/main.d" -MT"Core/Src/main.o" --specs=nano.specs -mfpu=fpv4-sp-d16 -mfloat-abi=hard -mthumb -o "Core/Src/main.o"
arm-none-eabi-gcc -o "Motor-Controller.elf" @"objects.list"   -mcpu=cortex-m4 -T"D:\Libraries\Documents\2023-FYP\STM32\Motor-Controller\STM32F303RETX_FLASH.ld" --specs=nosys.specs -Wl,-Map="Motor-Controller.map" -Wl,--gc-sections -static -u_printf_float --specs=nano.specs -mfpu=fpv4-sp-d16 -mfloat-abi=hard -mthumb -Wl,--start-group -lc -lm -Wl,--end-group
Finished building target: Motor-Controller.elf
 
arm-none-eabi-size   Motor-Controller.elf 
arm-none-eabi-objdump -h -S  Motor-Controller.elf  > "Motor-Controller.list"
   text	   data	    bss	    dec	    hex	filename
  49528	    484	   2332	  52344	   cc78	Motor-Controller.elf
Finished building: default.size.stdout
 
Finished building: Motor-Controller.list
 
09:11:23 **** Incremental Build of configuration Debug for project Motor-Controller ****
make -j12 all 
arm-none-eabi-gcc "../Core/Src/main.c" -mcpu=cortex-m4 -std=gnu11 -g3 -DDEBUG -DUSE_HAL_DRIVER -DSTM32F303xE -c -I../Core/Inc -I../Drivers/STM32F3xx_HAL_Driver/Inc/Legacy -I../Drivers/STM32F3xx_HAL_Driver/Inc -I../Drivers/CMSIS/Device/ST/STM32F3xx/Include -I../Drivers/CMSIS/Include -O0 -ffunction-sections -fdata-sections -Wall -fstack-usage -MMD -MP -MF"Core/Src/main.d" -MT"Core/Src/main.o" --specs=nano.specs -mfpu=fpv4-sp-d16 -mfloat-abi=hard -mthumb -o "Core/Src/main.o"
arm-none-eabi-gcc -o "Motor-Controller.elf" @"objects.list"   -mcpu=cortex-m4 -T"D:\Libraries\Documents\2023-FYP\STM32\Motor-Controller\STM32F303RETX_FLASH.ld" --specs=nosys.specs -Wl,-Map="Motor-Controller.map" -Wl,--gc-sections -static -u_printf_float --specs=nano.specs -mfpu=fpv4-sp-d16 -mfloat-abi=hard -mthumb -Wl,--start-group -lc -lm -Wl,--end-group
Finished building target: Motor-Controller.elf
 
arm-none-eabi-size   Motor-Controller.elf 
arm-none-eabi-objdump -h -S  Motor-Controller.elf  > "Motor-Controller.list"
   text	   data	    bss	    dec	    hex	filename
  49728	    484	   2344	  52556	   cd4c	Motor-Controller.elf
Finished building: default.size.stdout
 
Finished building: Motor-Controller.list
 
09:12:34 **** Incremental Build of configuration Debug for project Motor-Controller ****
make -j12 all 
arm-none-eabi-gcc "../Core/Src/main.c" -mcpu=cortex-m4 -std=gnu11 -g3 -DDEBUG -DUSE_HAL_DRIVER -DSTM32F303xE -c -I../Core/Inc -I../Drivers/STM32F3xx_HAL_Driver/Inc/Legacy -I../Drivers/STM32F3xx_HAL_Driver/Inc -I../Drivers/CMSIS/Device/ST/STM32F3xx/Include -I../Drivers/CMSIS/Include -O0 -ffunction-sections -fdata-sections -Wall -fstack-usage -MMD -MP -MF"Core/Src/main.d" -MT"Core/Src/main.o" --specs=nano.specs -mfpu=fpv4-sp-d16 -mfloat-abi=hard -mthumb -o "Core/Src/main.o"
arm-none-eabi-gcc -o "Motor-Controller.elf" @"objects.list"   -mcpu=cortex-m4 -T"D:\Libraries\Documents\2023-FYP\STM32\Motor-Controller\STM32F303RETX_FLASH.ld" --specs=nosys.specs -Wl,-Map="Motor-Controller.map" -Wl,--gc-sections -static -u_printf_float --specs=nano.specs -mfpu=fpv4-sp-d16 -mfloat-abi=hard -mthumb -Wl,--start-group -lc -lm -Wl,--end-group
Finished building target: Motor-Controller.elf
 
arm-none-eabi-size   Motor-Controller.elf 
arm-none-eabi-objdump -h -S  Motor-Controller.elf  > "Motor-Controller.list"
   text	   data	    bss	    dec	    hex	filename
  49736	    484	   2344	  52564	   cd54	Motor-Controller.elf
Finished building: default.size.stdout
 
Finished building: Motor-Controller.list
 
