12:53:43 **** Incremental Build of configuration Debug for project Motor-Controller ****
make -j12 all 
arm-none-eabi-gcc "../Core/Src/main.c" -mcpu=cortex-m4 -std=gnu11 -g3 -DDEBUG -DUSE_HAL_DRIVER -DSTM32F303xE -c -I../Core/Inc -I../Drivers/STM32F3xx_HAL_Driver/Inc/Legacy -I../Drivers/STM32F3xx_HAL_Driver/Inc -I../Drivers/CMSIS/Device/ST/STM32F3xx/Include -I../Drivers/CMSIS/Include -O0 -ffunction-sections -fdata-sections -Wall -fstack-usage -MMD -MP -MF"Core/Src/main.d" -MT"Core/Src/main.o" --specs=nano.specs -mfpu=fpv4-sp-d16 -mfloat-abi=hard -mthumb -o "Core/Src/main.o"
arm-none-eabi-gcc -o "Motor-Controller.elf" @"objects.list"   -mcpu=cortex-m4 -T"D:\Libraries\Documents\2023-FYP\STM32\Motor-Controller\STM32F303RETX_FLASH.ld" --specs=nosys.specs -Wl,-Map="Motor-Controller.map" -Wl,--gc-sections -static --specs=nano.specs -mfpu=fpv4-sp-d16 -mfloat-abi=hard -mthumb -Wl,--start-group -lc -lm -Wl,--end-group
Finished building target: Motor-Controller.elf
 
arm-none-eabi-size   Motor-Controller.elf 
arm-none-eabi-objdump -h -S  Motor-Controller.elf  > "Motor-Controller.list"
   text	   data	    bss	    dec	    hex	filename
  31360	     20	   2204	  33584	   8330	Motor-Controller.elf
Finished building: default.size.stdout
 
Finished building: Motor-Controller.list
 

12:53:46 Build Finished. 0 errors, 0 warnings. (took 3s.349ms)

