../Core/Src/main.c:91:5:main	168	static
../Core/Src/main.c:228:6:SystemClock_Config	160	static
../Core/Src/main.c:281:13:MX_ADC1_Init	48	static
../Core/Src/main.c:356:13:MX_TIM1_Init	40	static
../Core/Src/main.c:403:13:MX_TIM2_Init	64	static
../Core/Src/main.c:466:13:MX_TIM3_Init	40	static
../Core/Src/main.c:511:13:MX_USART2_UART_Init	8	static
../Core/Src/main.c:544:13:MX_DMA_Init	16	static
../Core/Src/main.c:562:13:MX_GPIO_Init	40	static
../Core/Src/main.c:594:8:clamp	40	static
../Core/Src/main.c:599:6:num2str	32	static
../Core/Src/main.c:606:5:str2num	32	static
../Core/Src/main.c:615:6:HAL_UART_RxCpltCallback	16	static
../Core/Src/main.c:619:6:UART_RX_Handler	8	static
../Core/Src/main.c:646:6:Error_Handler	4	static,ignoring_inline_asm
