../Core/Src/main.c:104:5:main	264	static
../Core/Src/main.c:258:6:SystemClock_Config	160	static
../Core/Src/main.c:312:13:MX_ADC1_Init	48	static
../Core/Src/main.c:387:13:MX_I2C1_Init	8	static
../Core/Src/main.c:435:13:MX_TIM1_Init	40	static
../Core/Src/main.c:482:13:MX_TIM2_Init	64	static
../Core/Src/main.c:545:13:MX_TIM3_Init	40	static
../Core/Src/main.c:590:13:MX_USART2_UART_Init	8	static
../Core/Src/main.c:623:13:MX_DMA_Init	16	static
../Core/Src/main.c:641:13:MX_GPIO_Init	40	static
../Core/Src/main.c:673:8:clamp	40	static
../Core/Src/main.c:678:6:num2str	32	static
../Core/Src/main.c:685:5:str2num	32	static
../Core/Src/main.c:694:6:HAL_UART_RxCpltCallback	16	static
../Core/Src/main.c:698:6:UART_RX_Handler	8	static
../Core/Src/main.c:725:6:Error_Handler	4	static,ignoring_inline_asm
